[2026-06-13 01:02:24,880: INFO: main: creating logs]
[2026-06-17 10:33:56,690: INFO: common: yaml file: config\config.yaml loaded successfully]
[2026-06-17 10:33:56,714: INFO: common: yaml file: params.yaml loaded successfully]
[2026-06-17 10:33:56,715: INFO: common: created directory at: artifacts]
[2026-06-17 10:33:56,716: INFO: common: created directory at: artifacts/data_ingestion]
[2026-06-17 10:33:56,717: INFO: data_ingestion: File already exists at artifacts/data_ingestion/data.zip, skipping download]
[2026-06-17 10:41:17,971: INFO: common: yaml file: config\config.yaml loaded successfully]
[2026-06-17 10:41:17,977: INFO: common: yaml file: params.yaml loaded successfully]
[2026-06-17 10:41:17,981: INFO: common: created directory at: artifacts]
[2026-06-17 10:41:17,986: INFO: common: created directory at: artifacts/prepare_base_model]
[2026-06-17 10:43:44,184: INFO: common: yaml file: config\config.yaml loaded successfully]
[2026-06-17 10:43:44,190: INFO: common: yaml file: params.yaml loaded successfully]
[2026-06-17 10:43:44,193: INFO: common: created directory at: artifacts]
[2026-06-17 10:43:44,195: INFO: common: created directory at: artifacts/prepare_base_model]
[2026-06-17 10:43:45,392: WARNING: saving_api: You are saving your model as an HDF5 file via `model.save()` or `keras.saving.save_model(model)`. This file format is considered legacy. We recommend using instead the native Keras format, e.g. `model.save('my_model.keras')` or `keras.saving.save_model(model, 'my_model.keras')`. ]
[2026-06-17 10:43:45,749: WARNING: saving_api: You are saving your model as an HDF5 file via `model.save()` or `keras.saving.save_model(model)`. This file format is considered legacy. We recommend using instead the native Keras format, e.g. `model.save('my_model.keras')` or `keras.saving.save_model(model, 'my_model.keras')`. ]
[2026-06-17 10:48:59,928: WARNING: font_manager: Matplotlib is building the font cache; this may take a moment.]
[2026-06-17 10:49:01,906: INFO: font_manager: generated new fontManager]
[2026-06-17 10:49:16,336: INFO: common: yaml file: config\config.yaml loaded successfully]
[2026-06-17 10:49:16,339: INFO: common: yaml file: params.yaml loaded successfully]
[2026-06-17 10:49:16,341: INFO: common: created directory at: artifacts]
[2026-06-17 10:49:16,343: INFO: common: created directory at: artifacts/prepare_base_model]
[2026-06-17 10:49:17,211: WARNING: saving_api: You are saving your model as an HDF5 file via `model.save()` or `keras.saving.save_model(model)`. This file format is considered legacy. We recommend using instead the native Keras format, e.g. `model.save('my_model.keras')` or `keras.saving.save_model(model, 'my_model.keras')`. ]
[2026-06-17 10:49:17,561: WARNING: config: TensorFlow GPU support is not available on native Windows for TensorFlow >= 2.11. Even if CUDA/cuDNN are installed, GPU will not be used. Please use WSL2 or the TensorFlow-DirectML plugin.]
[2026-06-17 10:49:17,631: WARNING: saving_api: You are saving your model as an HDF5 file via `model.save()` or `keras.saving.save_model(model)`. This file format is considered legacy. We recommend using instead the native Keras format, e.g. `model.save('my_model.keras')` or `keras.saving.save_model(model, 'my_model.keras')`. ]
